// Jest Snapshot v1, https://goo.gl/fbAQLP

exports[`Button should match the snapshot 1`] = `
<button
  className="sc-AxjAm hHFouS"
  onClick={[Function]}
>
  example
</button>
`;
